// Jest Snapshot v1, https://goo.gl/fbAQLP

exports[`Greeting Hello enzyme is displayed? 1`] = `
<App
  greeting="Hello enzyme"
>
  <div
    className="container"
  >
    <div
      className="jumbotron"
    >
      <h1>
        Hello enzyme
      </h1>
    </div>
  </div>
</App>
------------HTML PREVIEW---------------
<App greeting="Hello enzyme">
  <div class="container">
    <div class="jumbotron">
      <h1>
        Hello enzyme
      </h1>
    </div>
  </div>
</App>
`;
